// Jest Snapshot v1, https://goo.gl/fbAQLP

exports[`Overlay Generates a simple Overlay 1`] = `null`;
