// Jest Snapshot v1, https://goo.gl/fbAQLP

exports[`Box default 1`] = `
<div
  className=""
>
  ðŸ¥‘
</div>
`;
