// Jest Snapshot v1, https://goo.gl/fbAQLP

exports[`A <TableHead> should render 1`] = `
.c0 {
  border: 0;
  box-sizing: border-box;
  font: inherit;
  font-size: 100%;
  margin: 0;
  padding: 0;
  vertical-align: baseline;
  text-align: left;
}

<thead
  className="c0"
/>
`;
