// Jest Snapshot v1, https://goo.gl/fbAQLP

exports[`Big ToggleSwitch 1`] = `
.c3 {
  border: 0;
  box-sizing: border-box;
  font: inherit;
  font-size: 100%;
  margin: 0;
  padding: 0;
  vertical-align: baseline;
  -webkit-animation: none;
  animation: none;
  height: 100%;
  left: 0;
  opacity: 0;
  position: absolute;
  top: 0;
  width: 100%;
  z-index: 1;
}

.c1 {
  border: 0;
  box-sizing: border-box;
  font: inherit;
  font-size: 100%;
  margin: 0;
  padding: 0;
  vertical-align: baseline;
  -webkit-animation: none;
  animation: none;
  cursor: pointer;
  display: inline-block;
  height: 3.75rem;
  position: relative;
  vertical-align: middle;
  width: 6.5625rem;
}

.c5 {
  border: 0;
  box-sizing: border-box;
  font: inherit;
  font-size: 100%;
  margin: 0;
  padding: 0;
  vertical-align: baseline;
  -webkit-animation: none;
  animation: none;
  border-radius: 3.75rem;
  bottom: 0;
  background-color: #C1C6CC;
  left: 0;
  position: absolute;
  right: 0;
  top: 0;
}

.c5:hover {
  box-shadow: 0 0 .01rem 0.01rem rgba(100,81,138,0.5);
}

.c7 {
  border: 0;
  box-sizing: border-box;
  font: inherit;
  font-size: 100%;
  margin: 0;
  padding: 0;
  vertical-align: baseline;
  -webkit-animation: none;
  animation: none;
  border-radius: 50%;
  bottom: 0.375rem;
  background-color: #FFFFFF;
  height: 3rem;
  left: 0.375rem;
  position: absolute;
  width: 3rem;
}

.c6 {
  -webkit-transition: 300ms;
  transition: 300ms;
}

.c4 {
  -webkit-transition: 300ms;
  transition: 300ms;
}

.c2:focus + .c0 {
  box-shadow: 0 0 0 0.2rem rgba(100,81,138,0.4);
}

<div
  className="c0 c1"
  cursor="pointer"
>
  <input
    className="c2 c0 c3"
    role="switch"
    type="checkbox"
  />
  <div
    className="c4 c0 c5"
  >
    <div
      className="c6 c0 c7"
    />
  </div>
</div>
`;

exports[`ToggleSwitch default 1`] = `
.c1 {
  border: 0;
  box-sizing: border-box;
  font: inherit;
  font-size: 100%;
  margin: 0;
  padding: 0;
  vertical-align: baseline;
  -webkit-animation: none;
  animation: none;
  cursor: pointer;
  display: inline-block;
  height: 1.25rem;
  position: relative;
  vertical-align: middle;
  width: 2.1875rem;
}

.c3 {
  border: 0;
  box-sizing: border-box;
  font: inherit;
  font-size: 100%;
  margin: 0;
  padding: 0;
  vertical-align: baseline;
  -webkit-animation: none;
  animation: none;
  height: 100%;
  left: 0;
  opacity: 0;
  position: absolute;
  top: 0;
  width: 100%;
  z-index: 1;
}

.c5 {
  border: 0;
  box-sizing: border-box;
  font: inherit;
  font-size: 100%;
  margin: 0;
  padding: 0;
  vertical-align: baseline;
  -webkit-animation: none;
  animation: none;
  border-radius: 1.25rem;
  bottom: 0;
  background-color: #C1C6CC;
  left: 0;
  position: absolute;
  right: 0;
  top: 0;
}

.c5:hover {
  box-shadow: 0 0 .01rem 0.01rem rgba(100,81,138,0.5);
}

.c7 {
  border: 0;
  box-sizing: border-box;
  font: inherit;
  font-size: 100%;
  margin: 0;
  padding: 0;
  vertical-align: baseline;
  -webkit-animation: none;
  animation: none;
  border-radius: 50%;
  bottom: 0.125rem;
  background-color: #FFFFFF;
  height: 1rem;
  left: 0.125rem;
  position: absolute;
  width: 1rem;
}

.c6 {
  -webkit-transition: 300ms;
  transition: 300ms;
}

.c4 {
  -webkit-transition: 300ms;
  transition: 300ms;
}

.c2:focus + .c0 {
  box-shadow: 0 0 0 0.2rem rgba(100,81,138,0.4);
}

<div
  className="c0 c1"
  cursor="pointer"
>
  <input
    className="c2 c0 c3"
    role="switch"
    type="checkbox"
  />
  <div
    className="c4 c0 c5"
  >
    <div
      className="c6 c0 c7"
    />
  </div>
</div>
`;

exports[`ToggleSwitch on set to false 1`] = `
.c1 {
  border: 0;
  box-sizing: border-box;
  font: inherit;
  font-size: 100%;
  margin: 0;
  padding: 0;
  vertical-align: baseline;
  -webkit-animation: none;
  animation: none;
  cursor: pointer;
  display: inline-block;
  height: 1.25rem;
  position: relative;
  vertical-align: middle;
  width: 2.1875rem;
}

.c3 {
  border: 0;
  box-sizing: border-box;
  font: inherit;
  font-size: 100%;
  margin: 0;
  padding: 0;
  vertical-align: baseline;
  -webkit-animation: none;
  animation: none;
  height: 100%;
  left: 0;
  opacity: 0;
  position: absolute;
  top: 0;
  width: 100%;
  z-index: 1;
}

.c5 {
  border: 0;
  box-sizing: border-box;
  font: inherit;
  font-size: 100%;
  margin: 0;
  padding: 0;
  vertical-align: baseline;
  -webkit-animation: none;
  animation: none;
  border-radius: 1.25rem;
  bottom: 0;
  background-color: #C1C6CC;
  left: 0;
  position: absolute;
  right: 0;
  top: 0;
}

.c5:hover {
  box-shadow: 0 0 .01rem 0.01rem rgba(100,81,138,0.5);
}

.c7 {
  border: 0;
  box-sizing: border-box;
  font: inherit;
  font-size: 100%;
  margin: 0;
  padding: 0;
  vertical-align: baseline;
  -webkit-animation: none;
  animation: none;
  border-radius: 50%;
  bottom: 0.125rem;
  background-color: #FFFFFF;
  height: 1rem;
  left: 0.125rem;
  position: absolute;
  width: 1rem;
}

.c6 {
  -webkit-transition: 300ms;
  transition: 300ms;
}

.c4 {
  -webkit-transition: 300ms;
  transition: 300ms;
}

.c2:focus + .c0 {
  box-shadow: 0 0 0 0.2rem rgba(100,81,138,0.4);
}

<div
  className="c0 c1"
  cursor="pointer"
>
  <input
    aria-checked={false}
    checked={false}
    className="c2 c0 c3"
    role="switch"
    type="checkbox"
  />
  <div
    className="c4 c0 c5"
  >
    <div
      className="c6 c0 c7"
    />
  </div>
</div>
`;

exports[`ToggleSwitch on set to true 1`] = `
.c1 {
  border: 0;
  box-sizing: border-box;
  font: inherit;
  font-size: 100%;
  margin: 0;
  padding: 0;
  vertical-align: baseline;
  -webkit-animation: none;
  animation: none;
  cursor: pointer;
  display: inline-block;
  height: 1.25rem;
  position: relative;
  vertical-align: middle;
  width: 2.1875rem;
}

.c3 {
  border: 0;
  box-sizing: border-box;
  font: inherit;
  font-size: 100%;
  margin: 0;
  padding: 0;
  vertical-align: baseline;
  -webkit-animation: none;
  animation: none;
  height: 100%;
  left: 0;
  opacity: 0;
  position: absolute;
  top: 0;
  width: 100%;
  z-index: 1;
}

.c7 {
  border: 0;
  box-sizing: border-box;
  font: inherit;
  font-size: 100%;
  margin: 0;
  padding: 0;
  vertical-align: baseline;
  -webkit-animation: none;
  animation: none;
  border-radius: 50%;
  bottom: 0.125rem;
  background-color: #FFFFFF;
  height: 1rem;
  left: 0.125rem;
  position: absolute;
  width: 1rem;
}

.c5 {
  border: 0;
  box-sizing: border-box;
  font: inherit;
  font-size: 100%;
  margin: 0;
  padding: 0;
  vertical-align: baseline;
  -webkit-animation: none;
  animation: none;
  border-radius: 1.25rem;
  bottom: 0;
  background-color: #9785F2;
  left: 0;
  position: absolute;
  right: 0;
  top: 0;
}

.c5:hover {
  box-shadow: 0 0 .01rem 0.01rem rgba(100,81,138,0.5);
}

.c6 {
  -webkit-transform: translateX(0.9375rem);
  -ms-transform: translateX(0.9375rem);
  transform: translateX(0.9375rem);
  -webkit-transition: 300ms;
  transition: 300ms;
}

.c4 {
  -webkit-transition: 300ms;
  transition: 300ms;
}

.c2:focus + .c0 {
  box-shadow: 0 0 0 0.2rem rgba(100,81,138,0.4);
}

<div
  className="c0 c1"
  cursor="pointer"
>
  <input
    aria-checked={true}
    checked={true}
    className="c2 c0 c3"
    role="switch"
    type="checkbox"
  />
  <div
    className="c4 c0 c5"
  >
    <div
      className="c6 c0 c7"
    />
  </div>
</div>
`;

exports[`ToggleSwitch that is disabled 1`] = `
.c3 {
  border: 0;
  box-sizing: border-box;
  font: inherit;
  font-size: 100%;
  margin: 0;
  padding: 0;
  vertical-align: baseline;
  -webkit-animation: none;
  animation: none;
  height: 100%;
  left: 0;
  opacity: 0;
  position: absolute;
  top: 0;
  width: 100%;
  z-index: 1;
}

.c7 {
  border: 0;
  box-sizing: border-box;
  font: inherit;
  font-size: 100%;
  margin: 0;
  padding: 0;
  vertical-align: baseline;
  -webkit-animation: none;
  animation: none;
  border-radius: 50%;
  bottom: 0.125rem;
  background-color: #FFFFFF;
  height: 1rem;
  left: 0.125rem;
  position: absolute;
  width: 1rem;
}

.c1 {
  border: 0;
  box-sizing: border-box;
  font: inherit;
  font-size: 100%;
  margin: 0;
  padding: 0;
  vertical-align: baseline;
  -webkit-animation: none;
  animation: none;
  display: inline-block;
  height: 1.25rem;
  position: relative;
  vertical-align: middle;
  width: 2.1875rem;
}

.c5 {
  border: 0;
  box-sizing: border-box;
  font: inherit;
  font-size: 100%;
  margin: 0;
  padding: 0;
  vertical-align: baseline;
  -webkit-animation: none;
  animation: none;
  border-radius: 1.25rem;
  bottom: 0;
  background-color: #9785F2;
  left: 0;
  position: absolute;
  right: 0;
  top: 0;
}

.c8 {
  border: 0;
  box-sizing: border-box;
  font: inherit;
  font-size: 100%;
  margin: 0;
  padding: 0;
  vertical-align: baseline;
  -webkit-animation: none;
  animation: none;
  border-radius: 1.25rem;
  bottom: 0;
  background-color: #C1C6CC;
  left: 0;
  opacity: 0.4;
  position: absolute;
  right: 0;
  top: 0;
}

.c6 {
  -webkit-transform: translateX(0.9375rem);
  -ms-transform: translateX(0.9375rem);
  transform: translateX(0.9375rem);
  -webkit-transition: 300ms;
  transition: 300ms;
}

.c4 {
  -webkit-transition: 300ms;
  transition: 300ms;
}

.c2:focus + .c0 {
  box-shadow: 0 0 0 0.2rem rgba(100,81,138,0.4);
}

<div
  className="c0 c1"
>
  <input
    aria-checked={true}
    checked={true}
    className="c2 c0 c3"
    disabled={true}
    role="switch"
    type="checkbox"
  />
  <div
    className="c4 c0 c5"
  >
    <div
      className="c6 c0 c7"
    />
  </div>
  <div
    className="c0 c8"
  />
</div>
`;
