// Jest Snapshot v1, https://goo.gl/fbAQLP

exports[`ModalHeader 1`] = `
.c1 {
  border: 0;
  box-sizing: border-box;
  font: inherit;
  font-size: 100%;
  margin: 0;
  padding: 0;
  vertical-align: baseline;
  margin-right: 2rem;
}

.c3 {
  border: 0;
  box-sizing: border-box;
  font: inherit;
  font-size: 100%;
  margin: 0;
  padding: 0;
  vertical-align: baseline;
  width: 1.25rem;
  height: 1.25rem;
  -webkit-align-items: center;
  -webkit-box-align: center;
  -ms-flex-align: center;
  align-items: center;
  display: -webkit-inline-box;
  display: -webkit-inline-flex;
  display: -ms-inline-flexbox;
  display: inline-flex;
}

.c2 {
  border: 0;
  box-sizing: border-box;
  font: inherit;
  font-size: 100%;
  margin: 0;
  padding: 0;
  vertical-align: baseline;
  -webkit-align-items: center;
  -webkit-box-align: center;
  -ms-flex-align: center;
  align-items: center;
  border-radius: 0.25rem;
  cursor: pointer;
  display: -webkit-inline-box;
  display: -webkit-inline-flex;
  display: -ms-inline-flexbox;
  display: inline-flex;
  font-weight: 600;
  outline: none;
  -webkit-transition: border 80ms;
  transition: border 80ms;
  vertical-align: middle;
  white-space: nowrap;
  font-size: 1rem;
  height: 34px;
  padding-left: 1rem;
  padding-right: 1rem;
  background: transparent;
  border: 1px solid transparent;
  color: #939BA5;
  margin-left: auto;
  padding: 0rem;
}

.c2[disabled] {
  cursor: default;
  -webkit-filter: grayscale(0.3);
  filter: grayscale(0.3);
  opacity: 0.25;
}

.c2:focus {
  box-shadow: 0 0 0 0.15rem rgba(147,155,165,0.25);
}

.c2:active,
.c2.active {
  background: #F5F6F7;
  border-color: #F5F6F7;
  color: #4C535B;
}

.c2:hover,
.c2:focus,
.c2.hover {
  background: #FBFBFC;
  border-color: #FBFBFC;
  color: #4C535B;
}

.c2[disabled]:hover,
.c2[disabled]:active,
.c2[disabled]:focus {
  background-color: transparent;
  border-color: transparent;
  color: #939BA5;
}

.c0 {
  border: 0;
  box-sizing: border-box;
  font: inherit;
  font-size: 100%;
  margin: 0;
  padding: 0;
  vertical-align: baseline;
  padding: 1.25rem;
  padding-left: 2rem;
  padding-right: 2rem;
  display: -webkit-box;
  display: -webkit-flex;
  display: -ms-flexbox;
  display: flex;
  -webkit-align-items: center;
  -webkit-box-align: center;
  -ms-flex-align: center;
  align-items: center;
  -webkit-flex-direction: row;
  -ms-flex-direction: row;
  flex-direction: row;
}

<header
  className="c0"
>
  <div
    className="c1"
  >
    The Heading for a Dialog
  </div>
  <button
    className="c2 "
    color="neutral"
    size="medium"
    tabIndex={-1}
  >
    <div
      className="c3 "
      size="1.25rem"
    >
      <svg
        fill="currentColor"
        height="100%"
        viewBox="0 0 24 24"
        width="100%"
      >
        <title>
          Close
        </title>
        <path
          d="M19 6.41L17.59 5 12 10.59 6.41 5 5 6.41 10.59 12 5 17.59 6.41 19 12 13.41 17.59 19 19 17.59 13.41 12 19 6.41z"
          fill="currentColor"
        />
      </svg>
    </div>
  </button>
</header>
`;
