// Jest Snapshot v1, https://goo.gl/fbAQLP

exports[`Drawer Hidden 1`] = `
.c1 {
  border: 0;
  box-sizing: border-box;
  font: inherit;
  font-size: 100%;
  margin: 0;
  padding: 0;
  vertical-align: baseline;
  cursor: pointer;
  -webkit-align-items: center;
  -webkit-box-align: center;
  -ms-flex-align: center;
  align-items: center;
  border-radius: 0.25rem;
  display: -webkit-inline-box;
  display: -webkit-inline-flex;
  display: -ms-inline-flexbox;
  display: inline-flex;
  font-family: 'Open Sans',Helvetica,Arial,sans-serif;
  font-size: 1rem;
  line-height: 34px;
  padding-left: 1rem;
  padding-right: 1rem;
  padding-top: 0rem;
  padding-bottom: 0rem;
}

.c0 {
  font-weight: 600;
  outline: none;
  -webkit-transition: border 80ms;
  transition: border 80ms;
  text-rendering: optimizeLegibility;
  -webkit-font-smoothing: antialiased;
  -moz-osx-font-smoothing: grayscale;
  vertical-align: middle;
  white-space: nowrap;
  border-style: solid;
  border-width: 0.0625rem;
  background: #64518A;
  border-color: #64518A;
  color: #FFFFFF;
}

.c0:focus {
  box-shadow: 0 0 0 0.15rem rgba(100,81,138,0.25);
}

.c0[disabled] {
  cursor: default;
  -webkit-filter: grayscale(0.3);
  filter: grayscale(0.3);
  opacity: 0.25;
}

.c0[disabled]:hover,
.c0[disabled]:active,
.c0[disabled]:focus {
  background-color: #64518A;
  border-color: #C1C6CC;
}

.c0:hover,
.c0:focus,
.c0.hover {
  background: #473764;
  border-color: #473764;
}

.c0:active,
.c0.active {
  background: #2A1B60;
  border-color: #2A1B60;
}

<button
  className="c0 c1"
  onClick={[Function]}
>
  ðŸ¥‘
</button>
`;

exports[`Drawer Shown 1`] = `
.c0 {
  border: 0;
  box-sizing: border-box;
  font: inherit;
  font-size: 100%;
  margin: 0;
  padding: 0;
  vertical-align: baseline;
  -webkit-align-items: center;
  -webkit-box-align: center;
  -ms-flex-align: center;
  align-items: center;
  bottom: 0;
  display: -webkit-box;
  display: -webkit-flex;
  display: -ms-flexbox;
  display: flex;
  -webkit-box-pack: center;
  -webkit-justify-content: center;
  -ms-flex-pack: center;
  justify-content: center;
  left: 0;
  position: fixed;
  right: 0;
  top: 0;
  z-index: 1;
}

.c2 {
  border: 0;
  box-sizing: border-box;
  font: inherit;
  font-size: 100%;
  margin: 0;
  padding: 0;
  vertical-align: baseline;
  cursor: pointer;
  background-color: #DEE1E5;
  height: 100%;
  opacity: 0.6;
  position: fixed;
  width: 100%;
}

.c5 {
  border: 0;
  box-sizing: border-box;
  font: inherit;
  font-size: 100%;
  margin: 0;
  padding: 0;
  vertical-align: baseline;
  box-shadow: 0 3px 18px rgba(0,0,0,0.12),0 1px 4px rgba(0,0,0,0.04);
  background-color: #FFFFFF;
  display: -webkit-box;
  display: -webkit-flex;
  display: -ms-flexbox;
  display: flex;
  -webkit-flex-direction: column;
  -ms-flex-direction: column;
  flex-direction: column;
  height: 100%;
  max-width: 100%;
  position: absolute;
  right: 0px;
  top: 0px;
  width: 30rem;
}

.c1 {
  -webkit-transition: opacity 200ms;
  transition: opacity 200ms;
  cursor: pointer;
}

.c1.entering,
.c1.exiting {
  opacity: 0.01;
}

.c1.exited {
  opacity: 0.6;
}

.c4 {
  -webkit-transition: -webkit-transform 300ms cubic-bezier(0.86,0,0.07,1), opacity 300ms cubic-bezier(0.86,0,0.07,1);
  -webkit-transition: transform 300ms cubic-bezier(0.86,0,0.07,1), opacity 300ms cubic-bezier(0.86,0,0.07,1);
  transition: transform 300ms cubic-bezier(0.86,0,0.07,1), opacity 300ms cubic-bezier(0.86,0,0.07,1);
}

.c3.entering,
.c3.exiting {
  opacity: 0.01;
  -webkit-transform: translateX(100%);
  -ms-transform: translateX(100%);
  transform: translateX(100%);
}

.c3.exited {
  opacity: 1;
  -webkit-transform: translateX(0%);
  -ms-transform: translateX(0%);
  transform: translateX(0%);
}

<div
  className="c0"
>
  <div
    className="faux c1 c2"
    onClick={[Function]}
  />
  <div
    className="faux c3 c4 c5"
  >
    words and stuff
  </div>
</div>
`;

exports[`Drawer, backdrop customized 1`] = `
Array [
  .c1 {
  border: 0;
  box-sizing: border-box;
  font: inherit;
  font-size: 100%;
  margin: 0;
  padding: 0;
  vertical-align: baseline;
  cursor: pointer;
  -webkit-align-items: center;
  -webkit-box-align: center;
  -ms-flex-align: center;
  align-items: center;
  border-radius: 0.25rem;
  display: -webkit-inline-box;
  display: -webkit-inline-flex;
  display: -ms-inline-flexbox;
  display: inline-flex;
  font-family: 'Open Sans',Helvetica,Arial,sans-serif;
  font-size: 1rem;
  line-height: 34px;
  padding-left: 1rem;
  padding-right: 1rem;
  padding-top: 0rem;
  padding-bottom: 0rem;
}

.c0 {
  font-weight: 600;
  outline: none;
  -webkit-transition: border 80ms;
  transition: border 80ms;
  text-rendering: optimizeLegibility;
  -webkit-font-smoothing: antialiased;
  -moz-osx-font-smoothing: grayscale;
  vertical-align: middle;
  white-space: nowrap;
  border-style: solid;
  border-width: 0.0625rem;
  background: #64518A;
  border-color: #64518A;
  color: #FFFFFF;
}

.c0:focus {
  box-shadow: 0 0 0 0.15rem rgba(100,81,138,0.25);
}

.c0[disabled] {
  cursor: default;
  -webkit-filter: grayscale(0.3);
  filter: grayscale(0.3);
  opacity: 0.25;
}

.c0[disabled]:hover,
.c0[disabled]:active,
.c0[disabled]:focus {
  background-color: #64518A;
  border-color: #C1C6CC;
}

.c0:hover,
.c0:focus,
.c0.hover {
  background: #473764;
  border-color: #473764;
}

.c0:active,
.c0.active {
  background: #2A1B60;
  border-color: #2A1B60;
}

<button
    className="c0 c1"
    onClick={[Function]}
  >
    ðŸ¥‘
  </button>,
  .c0 {
  border: 0;
  box-sizing: border-box;
  font: inherit;
  font-size: 100%;
  margin: 0;
  padding: 0;
  vertical-align: baseline;
  -webkit-align-items: center;
  -webkit-box-align: center;
  -ms-flex-align: center;
  align-items: center;
  bottom: 0;
  display: -webkit-box;
  display: -webkit-flex;
  display: -ms-flexbox;
  display: flex;
  -webkit-box-pack: center;
  -webkit-justify-content: center;
  -ms-flex-pack: center;
  justify-content: center;
  left: 0;
  position: fixed;
  right: 0;
  top: 0;
  z-index: 1;
}

.c2 {
  border: 0;
  box-sizing: border-box;
  font: inherit;
  font-size: 100%;
  margin: 0;
  padding: 0;
  vertical-align: baseline;
  cursor: pointer;
  background-color: #DEE1E5;
  height: 100%;
  opacity: 0.6;
  position: fixed;
  width: 100%;
}

.c5 {
  border: 0;
  box-sizing: border-box;
  font: inherit;
  font-size: 100%;
  margin: 0;
  padding: 0;
  vertical-align: baseline;
  box-shadow: 0 3px 18px rgba(0,0,0,0.12),0 1px 4px rgba(0,0,0,0.04);
  background-color: #FFFFFF;
  display: -webkit-box;
  display: -webkit-flex;
  display: -ms-flexbox;
  display: flex;
  -webkit-flex-direction: column;
  -ms-flex-direction: column;
  flex-direction: column;
  height: 100%;
  max-width: 100%;
  position: absolute;
  right: 0px;
  top: 0px;
  width: 30rem;
}

.c1 {
  -webkit-transition: opacity 200ms;
  transition: opacity 200ms;
  cursor: pointer;
  background: purple;
  opacity: 1;
}

.c1.entering,
.c1.exiting {
  opacity: 0.01;
}

.c1.exited {
  opacity: 0.6;
}

.c4 {
  -webkit-transition: -webkit-transform 300ms cubic-bezier(0.86,0,0.07,1), opacity 300ms cubic-bezier(0.86,0,0.07,1);
  -webkit-transition: transform 300ms cubic-bezier(0.86,0,0.07,1), opacity 300ms cubic-bezier(0.86,0,0.07,1);
  transition: transform 300ms cubic-bezier(0.86,0,0.07,1), opacity 300ms cubic-bezier(0.86,0,0.07,1);
}

.c3.entering,
.c3.exiting {
  opacity: 0.01;
  -webkit-transform: translateX(100%);
  -ms-transform: translateX(100%);
  transform: translateX(100%);
}

.c3.exited {
  opacity: 1;
  -webkit-transform: translateX(0%);
  -ms-transform: translateX(0%);
  transform: translateX(0%);
}

<div
    className="c0"
  >
    <div
      className="faux c1 c2"
      onClick={[Function]}
    />
    <div
      className="faux c3 c4 c5"
    >
      words and stuff
    </div>
  </div>,
]
`;

exports[`Selection Drawer, Shown 1`] = `
Array [
  .c1 {
  border: 0;
  box-sizing: border-box;
  font: inherit;
  font-size: 100%;
  margin: 0;
  padding: 0;
  vertical-align: baseline;
  cursor: pointer;
  -webkit-align-items: center;
  -webkit-box-align: center;
  -ms-flex-align: center;
  align-items: center;
  border-radius: 0.25rem;
  display: -webkit-inline-box;
  display: -webkit-inline-flex;
  display: -ms-inline-flexbox;
  display: inline-flex;
  font-family: 'Open Sans',Helvetica,Arial,sans-serif;
  font-size: 1rem;
  line-height: 34px;
  padding-left: 1rem;
  padding-right: 1rem;
  padding-top: 0rem;
  padding-bottom: 0rem;
}

.c0 {
  font-weight: 600;
  outline: none;
  -webkit-transition: border 80ms;
  transition: border 80ms;
  text-rendering: optimizeLegibility;
  -webkit-font-smoothing: antialiased;
  -moz-osx-font-smoothing: grayscale;
  vertical-align: middle;
  white-space: nowrap;
  border-style: solid;
  border-width: 0.0625rem;
  background: #FFFFFF;
  border-color: #C1C6CC;
  color: #64518A;
}

.c0:focus {
  box-shadow: 0 0 0 0.15rem rgba(100,81,138,0.25);
}

.c0[disabled] {
  cursor: default;
  -webkit-filter: grayscale(0.3);
  filter: grayscale(0.3);
  opacity: 0.25;
}

.c0[disabled]:hover,
.c0[disabled]:active,
.c0[disabled]:focus {
  background-color: #FFFFFF;
  border-color: #C1C6CC;
  color: #64518A;
}

.c0:hover,
.c0:focus,
.c0.hover {
  background: #FFFFFF;
  border-color: #64518A;
  color: #2A1B60;
}

.c0:active,
.c0.active {
  background: #64518A;
  border-color: #64518A;
  color: #FFFFFF;
}

<button
    className="c0 c1"
    onClick={[Function]}
  >
    Pick Stuff
  </button>,
  .c0 {
  border: 0;
  box-sizing: border-box;
  font: inherit;
  font-size: 100%;
  margin: 0;
  padding: 0;
  vertical-align: baseline;
  -webkit-align-items: center;
  -webkit-box-align: center;
  -ms-flex-align: center;
  align-items: center;
  bottom: 0;
  display: -webkit-box;
  display: -webkit-flex;
  display: -ms-flexbox;
  display: flex;
  -webkit-box-pack: center;
  -webkit-justify-content: center;
  -ms-flex-pack: center;
  justify-content: center;
  left: 0;
  position: fixed;
  right: 0;
  top: 0;
  z-index: 1;
}

.c2 {
  border: 0;
  box-sizing: border-box;
  font: inherit;
  font-size: 100%;
  margin: 0;
  padding: 0;
  vertical-align: baseline;
  cursor: pointer;
  background-color: #DEE1E5;
  height: 100%;
  opacity: 0.6;
  position: fixed;
  width: 100%;
}

.c5 {
  border: 0;
  box-sizing: border-box;
  font: inherit;
  font-size: 100%;
  margin: 0;
  padding: 0;
  vertical-align: baseline;
  box-shadow: 0 3px 18px rgba(0,0,0,0.12),0 1px 4px rgba(0,0,0,0.04);
  background-color: #FFFFFF;
  display: -webkit-box;
  display: -webkit-flex;
  display: -ms-flexbox;
  display: flex;
  -webkit-flex-direction: column;
  -ms-flex-direction: column;
  flex-direction: column;
  height: 100%;
  max-width: 100%;
  position: absolute;
  right: 0px;
  top: 0px;
  width: 30rem;
}

.c6 {
  border: 0;
  box-sizing: border-box;
  font: inherit;
  font-size: 100%;
  margin: 0;
  padding: 0;
  vertical-align: baseline;
  display: -webkit-box;
  display: -webkit-flex;
  display: -ms-flexbox;
  display: flex;
  -webkit-flex-direction: row;
  -ms-flex-direction: row;
  flex-direction: row;
  padding: 1.25rem;
}

.c7 {
  border: 0;
  box-sizing: border-box;
  font: inherit;
  font-size: 100%;
  margin: 0;
  padding: 0;
  vertical-align: baseline;
  margin-right: 2rem;
}

.c9 {
  border: 0;
  box-sizing: border-box;
  font: inherit;
  font-size: 100%;
  margin: 0;
  padding: 0;
  vertical-align: baseline;
  font-size: 1.125rem;
  font-weight: 400;
  line-height: 1.75rem;
}

.c11 {
  border: 0;
  box-sizing: border-box;
  font: inherit;
  font-size: 100%;
  margin: 0;
  padding: 0;
  vertical-align: baseline;
  cursor: pointer;
  -webkit-align-items: center;
  -webkit-box-align: center;
  -ms-flex-align: center;
  align-items: center;
  -webkit-align-self: end;
  -ms-flex-item-align: end;
  align-self: end;
  border-radius: 0.25rem;
  display: -webkit-inline-box;
  display: -webkit-inline-flex;
  display: -ms-inline-flexbox;
  display: inline-flex;
  font-family: 'Open Sans',Helvetica,Arial,sans-serif;
  font-size: 1.375rem;
  line-height: 42px;
  margin-left: auto;
  padding-left: 1.25rem;
  padding-right: 1.25rem;
  padding-top: 0rem;
  padding-bottom: 0rem;
}

.c12 {
  border: 0;
  box-sizing: border-box;
  font: inherit;
  font-size: 100%;
  margin: 0;
  padding: 0;
  vertical-align: baseline;
  -webkit-align-items: center;
  -webkit-box-align: center;
  -ms-flex-align: center;
  align-items: center;
  display: -webkit-inline-box;
  display: -webkit-inline-flex;
  display: -ms-inline-flexbox;
  display: inline-flex;
  height: 1em;
  width: 1em;
}

.c14 {
  border: 0;
  box-sizing: border-box;
  font: inherit;
  font-size: 100%;
  margin: 0;
  padding: 0;
  vertical-align: baseline;
  -webkit-flex: 8;
  -ms-flex: 8;
  flex: 8;
  overflow: scroll;
  padding: 1.25rem;
}

.c15 {
  border: 0;
  box-sizing: border-box;
  font: inherit;
  font-size: 100%;
  margin: 0;
  padding: 0;
  vertical-align: baseline;
  display: -webkit-box;
  display: -webkit-flex;
  display: -ms-flexbox;
  display: flex;
  -webkit-box-pack: end;
  -webkit-justify-content: flex-end;
  -ms-flex-pack: end;
  justify-content: flex-end;
  padding: 1.25rem;
}

.c16 {
  border: 0;
  box-sizing: border-box;
  font: inherit;
  font-size: 100%;
  margin: 0;
  padding: 0;
  vertical-align: baseline;
  -webkit-align-items: center;
  -webkit-box-align: center;
  -ms-flex-align: center;
  align-items: center;
  border-radius: 0.25rem;
  display: -webkit-inline-box;
  display: -webkit-inline-flex;
  display: -ms-inline-flexbox;
  display: inline-flex;
  font-family: 'Open Sans',Helvetica,Arial,sans-serif;
  font-size: 1rem;
  line-height: 34px;
  margin-right: 0.75rem;
  padding-left: 1rem;
  padding-right: 1rem;
  padding-top: 0rem;
  padding-bottom: 0rem;
}

.c18 {
  border: 0;
  box-sizing: border-box;
  font: inherit;
  font-size: 100%;
  margin: 0;
  padding: 0;
  vertical-align: baseline;
  -webkit-align-items: center;
  -webkit-box-align: center;
  -ms-flex-align: center;
  align-items: center;
  border-radius: 0.25rem;
  display: -webkit-inline-box;
  display: -webkit-inline-flex;
  display: -ms-inline-flexbox;
  display: inline-flex;
  font-family: 'Open Sans',Helvetica,Arial,sans-serif;
  font-size: 1rem;
  line-height: 34px;
  padding-left: 1rem;
  padding-right: 1rem;
  padding-top: 0rem;
  padding-bottom: 0rem;
}

.c1 {
  -webkit-transition: opacity 200ms;
  transition: opacity 200ms;
  cursor: pointer;
}

.c1.entering,
.c1.exiting {
  opacity: 0.01;
}

.c1.exited {
  opacity: 0.6;
}

.c4 {
  -webkit-transition: -webkit-transform 300ms cubic-bezier(0.86,0,0.07,1), opacity 300ms cubic-bezier(0.86,0,0.07,1);
  -webkit-transition: transform 300ms cubic-bezier(0.86,0,0.07,1), opacity 300ms cubic-bezier(0.86,0,0.07,1);
  transition: transform 300ms cubic-bezier(0.86,0,0.07,1), opacity 300ms cubic-bezier(0.86,0,0.07,1);
}

.c3.entering,
.c3.exiting {
  opacity: 0.01;
  -webkit-transform: translateX(100%);
  -ms-transform: translateX(100%);
  transform: translateX(100%);
}

.c3.exited {
  opacity: 1;
  -webkit-transform: translateX(0%);
  -ms-transform: translateX(0%);
  transform: translateX(0%);
}

.c17 {
  font-weight: 600;
  outline: none;
  -webkit-transition: border 80ms;
  transition: border 80ms;
  text-rendering: optimizeLegibility;
  -webkit-font-smoothing: antialiased;
  -moz-osx-font-smoothing: grayscale;
  vertical-align: middle;
  white-space: nowrap;
  border-style: solid;
  border-width: 0.0625rem;
  background: #64518A;
  border-color: #64518A;
  color: #FFFFFF;
}

.c17:focus {
  box-shadow: 0 0 0 0.15rem rgba(100,81,138,0.25);
}

.c17[disabled] {
  cursor: default;
  -webkit-filter: grayscale(0.3);
  filter: grayscale(0.3);
  opacity: 0.25;
}

.c17[disabled]:hover,
.c17[disabled]:active,
.c17[disabled]:focus {
  background-color: #64518A;
  border-color: #C1C6CC;
}

.c17:hover,
.c17:focus,
.c17.hover {
  background: #473764;
  border-color: #473764;
}

.c17:active,
.c17.active {
  background: #2A1B60;
  border-color: #2A1B60;
}

.c10 {
  font-weight: 600;
  outline: none;
  -webkit-transition: border 80ms;
  transition: border 80ms;
  text-rendering: optimizeLegibility;
  -webkit-font-smoothing: antialiased;
  -moz-osx-font-smoothing: grayscale;
  vertical-align: middle;
  white-space: nowrap;
  border-style: solid;
  border-width: 0.0625rem;
  background: transparent;
  border-color: transparent;
  color: #64518A;
}

.c10:focus {
  box-shadow: 0 0 0 0.15rem rgba(100,81,138,0.25);
}

.c10[disabled] {
  cursor: default;
  -webkit-filter: grayscale(0.3);
  filter: grayscale(0.3);
  opacity: 0.25;
}

.c10[disabled]:hover,
.c10[disabled]:active,
.c10[disabled]:focus {
  background-color: transparent;
  border-color: transparent;
  color: #64518A;
}

.c10:hover,
.c10:focus,
.c10.hover {
  background: #F3F2FF;
  border-color: #F3F2FF;
  color: #6C43E0;
}

.c10:active,
.c10.active {
  background: #E8E5FF;
  border-color: #E8E5FF;
  color: #6C43E0;
}

.c8 {
  text-rendering: optimizeLegibility;
  -webkit-font-smoothing: antialiased;
  -moz-osx-font-smoothing: grayscale;
  text-transform: none;
}

.c13 {
  border-top: 1px solid transparent;
}

.c13.overflow {
  border-top-color: #DEE1E5;
  box-shadow: inset 0 -16px 16px -16px #DEE1E5;
}

<div
    className="c0"
  >
    <div
      className="faux c1 c2"
      onClick={[Function]}
    />
    <div
      className="faux c3 c4 c5"
    >
      <header
        className="c6"
      >
        <div
          className="c7"
        >
          <h2
            className="c8 c9"
          >
            Pick stuff
          </h2>
        </div>
        <button
          className="c10 c11"
          onClick={[Function]}
          style={
            Object {
              "lineHeight": 1,
              "padding": 0,
            }
          }
        >
          <div
            className="c12"
          >
            <svg
              fill="currentColor"
              height="100%"
              viewBox="0 0 24 24"
              width="100%"
            >
              <path
                d="M19 6.41L17.59 5 12 10.59 6.41 5 5 6.41 10.59 12 5 17.59 6.41 19 12 13.41 17.59 19 19 17.59 13.41 12 19 6.41z"
                fill="currentColor"
              />
            </svg>
          </div>
        </button>
      </header>
      <div
        style={
          Object {
            "display": "none",
            "height": 0,
            "position": "absolute",
            "visibility": "hidden",
            "width": 0,
          }
        }
      />
      <div
        className="undefined false c13 c14"
        overflow="scroll"
      >
        Stuff and things...
      </div>
      <footer
        className="c15"
      >
        <button
          className="c10 c16"
        >
          Cancel
        </button>
        <button
          className="c17 c18"
        >
          Pick some stuff
        </button>
      </footer>
    </div>
  </div>,
]
`;
