// Jest Snapshot v1, https://goo.gl/fbAQLP

exports[`Select default 1`] = `
.c0 {
  border: 0;
  box-sizing: border-box;
  font: inherit;
  font-size: 100%;
  margin: 0;
  padding: 0;
  vertical-align: baseline;
  border: solid 1px;
  border-radius: 0.25rem;
  border-color: #C1C6CC;
  font-size: 0.875rem;
  height: 28px;
  padding-left: 0.5rem;
  padding-right: 0.5rem;
  padding-top: 0rem;
  padding-bottom: 0rem;
}

<select
  className="c0"
  type="text"
>
  <option />
</select>
`;

exports[`Select should accept disabled 1`] = `
.c0 {
  border: 0;
  box-sizing: border-box;
  font: inherit;
  font-size: 100%;
  margin: 0;
  padding: 0;
  vertical-align: baseline;
  border: solid 1px;
  border-radius: 0.25rem;
  border-color: #C1C6CC;
  font-size: 0.875rem;
  height: 28px;
  padding-left: 0.5rem;
  padding-right: 0.5rem;
  padding-top: 0rem;
  padding-bottom: 0rem;
}

<select
  className="c0"
  disabled={true}
  type="text"
>
  <option />
</select>
`;

exports[`Select should accept readOnly 1`] = `
.c0 {
  border: 0;
  box-sizing: border-box;
  font: inherit;
  font-size: 100%;
  margin: 0;
  padding: 0;
  vertical-align: baseline;
  border: solid 1px;
  border-radius: 0.25rem;
  border-color: #C1C6CC;
  font-size: 0.875rem;
  height: 28px;
  padding-left: 0.5rem;
  padding-right: 0.5rem;
  padding-top: 0rem;
  padding-bottom: 0rem;
}

<select
  className="c0"
  readOnly={true}
  type="text"
>
  <option />
</select>
`;

exports[`Select should accept required 1`] = `
.c0 {
  border: 0;
  box-sizing: border-box;
  font: inherit;
  font-size: 100%;
  margin: 0;
  padding: 0;
  vertical-align: baseline;
  border: solid 1px;
  border-radius: 0.25rem;
  border-color: #C1C6CC;
  font-size: 0.875rem;
  height: 28px;
  padding-left: 0.5rem;
  padding-right: 0.5rem;
  padding-top: 0rem;
  padding-bottom: 0rem;
}

<select
  className="c0"
  required={true}
  type="text"
>
  <option />
</select>
`;

exports[`Select with a placeholder 1`] = `
.c0 {
  border: 0;
  box-sizing: border-box;
  font: inherit;
  font-size: 100%;
  margin: 0;
  padding: 0;
  vertical-align: baseline;
  border: solid 1px;
  border-radius: 0.25rem;
  border-color: #C1C6CC;
  font-size: 0.875rem;
  height: 28px;
  padding-left: 0.5rem;
  padding-right: 0.5rem;
  padding-top: 0rem;
  padding-bottom: 0rem;
}

<select
  className="c0"
  type="text"
>
  <option>
    I am a placeholder
  </option>
</select>
`;

exports[`Select with a value 1`] = `
.c0 {
  border: 0;
  box-sizing: border-box;
  font: inherit;
  font-size: 100%;
  margin: 0;
  padding: 0;
  vertical-align: baseline;
  border: solid 1px;
  border-radius: 0.25rem;
  border-color: #C1C6CC;
  font-size: 0.875rem;
  height: 28px;
  padding-left: 0.5rem;
  padding-right: 0.5rem;
  padding-top: 0rem;
  padding-bottom: 0rem;
}

<select
  className="c0"
  defaultValue="Some value"
  type="text"
>
  <option />
  <option
    value="Some Value"
  >
    Some Value's Label
  </option>
</select>
`;

exports[`Select with an error validation 1`] = `
.c0 {
  border: 0;
  box-sizing: border-box;
  font: inherit;
  font-size: 100%;
  margin: 0;
  padding: 0;
  vertical-align: baseline;
  border: solid 1px;
  border-radius: 0.25rem;
  border-color: #C1C6CC;
  background-color: #FFF2F4;
  font-size: 0.875rem;
  height: 28px;
  padding-left: 0.5rem;
  padding-right: 0.5rem;
  padding-top: 0rem;
  padding-bottom: 0rem;
}

<select
  className="c0"
  type="text"
>
  <option />
</select>
`;

exports[`Select with aria-describedby 1`] = `
.c0 {
  border: 0;
  box-sizing: border-box;
  font: inherit;
  font-size: 100%;
  margin: 0;
  padding: 0;
  vertical-align: baseline;
  border: solid 1px;
  border-radius: 0.25rem;
  border-color: #C1C6CC;
  font-size: 0.875rem;
  height: 28px;
  padding-left: 0.5rem;
  padding-right: 0.5rem;
  padding-top: 0rem;
  padding-bottom: 0rem;
}

<select
  aria-describedby="some-id"
  className="c0"
  type="text"
>
  <option />
</select>
`;

exports[`Select with name and id 1`] = `
.c0 {
  border: 0;
  box-sizing: border-box;
  font: inherit;
  font-size: 100%;
  margin: 0;
  padding: 0;
  vertical-align: baseline;
  border: solid 1px;
  border-radius: 0.25rem;
  border-color: #C1C6CC;
  font-size: 0.875rem;
  height: 28px;
  padding-left: 0.5rem;
  padding-right: 0.5rem;
  padding-top: 0rem;
  padding-bottom: 0rem;
}

<select
  className="c0"
  id="Bobby"
  name="Bob"
  type="text"
>
  <option />
</select>
`;
