// Jest Snapshot v1, https://goo.gl/fbAQLP

exports[`Button ghost 1`] = `
<button
  className=""
>
  ðŸ¥‘
</button>
`;

exports[`Button states 1`] = `
<button
  className=""
>
  ðŸ¥‘
</button>
`;
