// Jest Snapshot v1, https://goo.gl/fbAQLP

exports[`Flex default 1`] = `
.c0 {
  display: -webkit-box;
  display: -webkit-flex;
  display: -ms-flexbox;
  display: flex;
}

<div
  className="c0"
>
  <div>
    ü•ë
  </div>
  <div>
    üêõ
  </div>
</div>
`;

exports[`Flex supports alignContent  1`] = `
.c1 {
  display: -webkit-box;
  display: -webkit-flex;
  display: -ms-flexbox;
  display: flex;
}

.c0 {
  -webkit-align-content: start;
  -ms-flex-line-pack: start;
  align-content: start;
}

<div
  className="c0 c1"
/>
`;

exports[`Flex supports alignItems  1`] = `
.c1 {
  display: -webkit-box;
  display: -webkit-flex;
  display: -ms-flexbox;
  display: flex;
}

.c0 {
  -webkit-align-items: center;
  -webkit-box-align: center;
  -ms-flex-align: center;
  align-items: center;
}

<div
  className="c0 c1"
/>
`;

exports[`Flex supports alignSelf  1`] = `
.c0 {
  display: -webkit-box;
  display: -webkit-flex;
  display: -ms-flexbox;
  display: flex;
  -webkit-align-self: end;
  -ms-flex-item-align: end;
  align-self: end;
}

<div
  className="c0"
/>
`;

exports[`Flex supports flexDirection  1`] = `
.c1 {
  display: -webkit-box;
  display: -webkit-flex;
  display: -ms-flexbox;
  display: flex;
}

.c0 {
  -webkit-flex-direction: row-reverse;
  -ms-flex-direction: row-reverse;
  flex-direction: row-reverse;
}

<div
  className="c0 c1"
/>
`;

exports[`Flex supports flexWrap  1`] = `
.c1 {
  display: -webkit-box;
  display: -webkit-flex;
  display: -ms-flexbox;
  display: flex;
}

.c0 {
  -webkit-flex-wrap: nowrap;
  -ms-flex-wrap: nowrap;
  flex-wrap: nowrap;
}

<div
  className="c0 c1"
/>
`;

exports[`Flex supports justifyContent  1`] = `
.c1 {
  display: -webkit-box;
  display: -webkit-flex;
  display: -ms-flexbox;
  display: flex;
}

.c0 {
  -webkit-box-pack: center;
  -webkit-justify-content: center;
  -ms-flex-pack: center;
  justify-content: center;
}

<div
  className="c0 c1"
/>
`;
