// Jest Snapshot v1, https://goo.gl/fbAQLP

exports[`A TextInput 1`] = `
.c0 {
  display: -webkit-box;
  display: -webkit-flex;
  display: -ms-flexbox;
  display: flex;
  -webkit-align-items: center;
  -webkit-box-align: center;
  -ms-flex-align: center;
  align-items: center;
  margin-bottom: 8px;
}

.c3 {
  border: solid 1px #C8CBCC;
  height: 28px;
  padding: 0 8px;
  border-radius: 4px;
  font-size: 14px;
}

.c1 {
  font-weight: 600;
  color: #1E2933;
  margin-right: 8px;
  font-size: 14px;
  min-width: 175px;
  text-align: right;
}

.c2 {
  border: solid 1px #C8CBCC;
  height: 28px;
  padding: 0 8px;
  border-radius: 4px;
  font-size: 14px;
}

<div
  className="c0"
>
  <label
    className="c1"
    htmlFor="pizza-party"
  >
    üçïüéâ
  </label>
  <input
    className="c2 c3"
    id="pizza-party"
    name="pizzaParty"
    placeholder={undefined}
    required={undefined}
    theme={
      Object {
        "colors": Object {
          "borderColor": "#C8CBCC",
          "destructive": "#CC1F36",
          "destructiveDark": "#B2121F",
          "destructiveDarker": "#990F14",
          "destructiveLight": "#FF667A",
          "destructiveLighter": "#FFB8C1",
          "destructiveText": "#FFFFFF",
          "linkColor": "#3973E5",
          "primary": "#64518A",
          "primaryDark": "#473764",
          "primaryDarker": "#2A1B60",
          "primaryLight": "#E5D9FF",
          "primaryLighter": "#F1EBFF",
          "primaryText": "#FFFFFF",
        },
        "shadows": Object {
          "large": "0 6px 12px rgba(0, 0, 0, 0.12)",
          "medium": "0 4px 8px rgba(0, 0, 0, 0.12)",
          "small": "0 2px 4px rgba(0, 0, 0, 0.08)",
          "xlarge": "0 8px 16px rgba(0, 0, 0, 0.12)",
        },
        "spacing": Object {
          "l": "1.25rem",
          "m": "1rem",
          "s": "0.5rem",
          "xl": "1.5rem",
          "xs": "0.25rem",
          "xxl": "1.875rem",
          "xxxl": "2.25rem",
          "xxxxl": "2.875rem",
        },
        "transitions": Object {
          "durationLong": 375,
          "durationShort": 200,
          "durationShorter": 150,
          "durationStandard": 300,
        },
      }
    }
    type="text"
  />
</div>
`;
