// Jest Snapshot v1, https://goo.gl/fbAQLP

exports[`A Text component resized 1`] = `
<p
  className=""
>
  ðŸ¥‘
</p>
`;

exports[`A Text component transformed 1`] = `
<p
  className=""
>
  ðŸ¥‘
</p>
`;

exports[`A Text component tuncated 1`] = `
<p
  className="undefined"
>
  ðŸ¥‘
</p>
`;

exports[`A Text component weight 1`] = `
<p
  className=""
>
  ðŸ¥‘
</p>
`;

exports[`A Text component with mode 1`] = `
<p
  className=""
>
  ðŸ¥‘
</p>
`;

exports[`A code Text component 1`] = `
<code
  className=""
>
  ðŸ¥‘
</code>
`;

exports[`A default Text component 1`] = `
<p
  className=""
>
  ðŸ¥‘
</p>
`;

exports[`A span Text component 1`] = `
<span
  className=""
>
  ðŸ¥‘
</span>
`;
