// Jest Snapshot v1, https://goo.gl/fbAQLP

exports[`Tabs snapshot works as expected 1`] = `ShallowWrapper {}`;
