// Jest Snapshot v1, https://goo.gl/fbAQLP

exports[`A FieldToggleSwitch 1`] = `
.c1 {
  border: 0;
  box-sizing: border-box;
  font: inherit;
  font-size: 100%;
  margin: 0;
  padding: 0;
  vertical-align: baseline;
  -webkit-align-items: baseline;
  -webkit-box-align: baseline;
  -ms-flex-align: baseline;
  align-items: baseline;
  display: -webkit-box;
  display: -webkit-flex;
  display: -ms-flexbox;
  display: flex;
  -webkit-flex-direction: row-reverse;
  -ms-flex-direction: row-reverse;
  flex-direction: row-reverse;
  -webkit-box-pack: end;
  -webkit-justify-content: flex-end;
  -ms-flex-pack: end;
  justify-content: flex-end;
  margin-bottom: 0.5rem;
}

.c2 {
  border: 0;
  box-sizing: border-box;
  font: inherit;
  font-size: 100%;
  margin: 0;
  padding: 0;
  vertical-align: baseline;
  color: #262D33;
  font-size: 0.875rem;
  font-weight: 600;
  margin-left: 0.5rem;
  margin-right: 0.5rem;
  text-align: left;
  width: 20%;
}

.c3 {
  border: 0;
  box-sizing: border-box;
  font: inherit;
  font-size: 100%;
  margin: 0;
  padding: 0;
  vertical-align: baseline;
  display: -webkit-box;
  display: -webkit-flex;
  display: -ms-flexbox;
  display: flex;
  -webkit-flex-direction: column;
  -ms-flex-direction: column;
  flex-direction: column;
  margin-bottom: 0.5rem;
}

.c4 {
  border: 0;
  box-sizing: border-box;
  font: inherit;
  font-size: 100%;
  margin: 0;
  padding: 0;
  vertical-align: baseline;
}

.c5 {
  border: 0;
  box-sizing: border-box;
  font: inherit;
  font-size: 100%;
  margin: 0;
  padding: 0;
  vertical-align: baseline;
  cursor: pointer;
  display: inline-block;
  height: 1.25rem;
  position: relative;
  vertical-align: middle;
  width: 2.1875rem;
}

.c7 {
  border: 0;
  box-sizing: border-box;
  font: inherit;
  font-size: 100%;
  margin: 0;
  padding: 0;
  vertical-align: baseline;
  height: 100%;
  left: 0;
  opacity: 0;
  position: absolute;
  top: 0;
  width: 100%;
  z-index: 1;
}

.c9 {
  border: 0;
  box-sizing: border-box;
  font: inherit;
  font-size: 100%;
  margin: 0;
  padding: 0;
  vertical-align: baseline;
  border-radius: 1.25rem;
  bottom: 0;
  background-color: #C1C6CC;
  left: 0;
  position: absolute;
  right: 0;
  top: 0;
}

.c9:hover {
  box-shadow: 0 0 .01rem 0.01rem rgba(100,81,138,0.5);
}

.c11 {
  border: 0;
  box-sizing: border-box;
  font: inherit;
  font-size: 100%;
  margin: 0;
  padding: 0;
  vertical-align: baseline;
  border-radius: 50%;
  bottom: 0.125rem;
  background-color: #FFFFFF;
  height: 1rem;
  left: 0.125rem;
  position: absolute;
  width: 1rem;
}

.c10 {
  -webkit-transition: 300ms;
  transition: 300ms;
}

.c8 {
  -webkit-transition: 300ms;
  transition: 300ms;
}

.c6:focus + .c0 {
  box-shadow: 0 0 0 0.2rem rgba(100,81,138,0.4);
}

<div
  className="c0 c1"
>
  <label
    className="c0 c2"
    htmlFor="thumbs-up"
  >
    üëç
  </label>
  <div
    className="c0 c3"
  >
    <div
      className="c0 c4"
    >
      <div
        className="c0 c5"
        cursor="pointer"
      >
        <input
          className="c6 c0 c7"
          id="thumbs-up"
          name="thumbsUp"
          role="switch"
          type="checkbox"
        />
        <div
          className="c8 c0 c9"
        >
          <div
            className="c10 c0 c11"
          />
        </div>
      </div>
    </div>
  </div>
</div>
`;

exports[`A FieldToggleSwitch turned on 1`] = `
.c1 {
  border: 0;
  box-sizing: border-box;
  font: inherit;
  font-size: 100%;
  margin: 0;
  padding: 0;
  vertical-align: baseline;
  -webkit-align-items: baseline;
  -webkit-box-align: baseline;
  -ms-flex-align: baseline;
  align-items: baseline;
  display: -webkit-box;
  display: -webkit-flex;
  display: -ms-flexbox;
  display: flex;
  -webkit-flex-direction: row-reverse;
  -ms-flex-direction: row-reverse;
  flex-direction: row-reverse;
  -webkit-box-pack: end;
  -webkit-justify-content: flex-end;
  -ms-flex-pack: end;
  justify-content: flex-end;
  margin-bottom: 0.5rem;
}

.c2 {
  border: 0;
  box-sizing: border-box;
  font: inherit;
  font-size: 100%;
  margin: 0;
  padding: 0;
  vertical-align: baseline;
  color: #262D33;
  font-size: 0.875rem;
  font-weight: 600;
  margin-left: 0.5rem;
  margin-right: 0.5rem;
  text-align: left;
  width: 20%;
}

.c3 {
  border: 0;
  box-sizing: border-box;
  font: inherit;
  font-size: 100%;
  margin: 0;
  padding: 0;
  vertical-align: baseline;
  display: -webkit-box;
  display: -webkit-flex;
  display: -ms-flexbox;
  display: flex;
  -webkit-flex-direction: column;
  -ms-flex-direction: column;
  flex-direction: column;
  margin-bottom: 0.5rem;
}

.c4 {
  border: 0;
  box-sizing: border-box;
  font: inherit;
  font-size: 100%;
  margin: 0;
  padding: 0;
  vertical-align: baseline;
}

.c5 {
  border: 0;
  box-sizing: border-box;
  font: inherit;
  font-size: 100%;
  margin: 0;
  padding: 0;
  vertical-align: baseline;
  cursor: pointer;
  display: inline-block;
  height: 1.25rem;
  position: relative;
  vertical-align: middle;
  width: 2.1875rem;
}

.c7 {
  border: 0;
  box-sizing: border-box;
  font: inherit;
  font-size: 100%;
  margin: 0;
  padding: 0;
  vertical-align: baseline;
  height: 100%;
  left: 0;
  opacity: 0;
  position: absolute;
  top: 0;
  width: 100%;
  z-index: 1;
}

.c11 {
  border: 0;
  box-sizing: border-box;
  font: inherit;
  font-size: 100%;
  margin: 0;
  padding: 0;
  vertical-align: baseline;
  border-radius: 50%;
  bottom: 0.125rem;
  background-color: #FFFFFF;
  height: 1rem;
  left: 0.125rem;
  position: absolute;
  width: 1rem;
}

.c9 {
  border: 0;
  box-sizing: border-box;
  font: inherit;
  font-size: 100%;
  margin: 0;
  padding: 0;
  vertical-align: baseline;
  border-radius: 1.25rem;
  bottom: 0;
  background-color: #9785F2;
  left: 0;
  position: absolute;
  right: 0;
  top: 0;
}

.c9:hover {
  box-shadow: 0 0 .01rem 0.01rem rgba(100,81,138,0.5);
}

.c10 {
  -webkit-transform: translateX(0.9375rem);
  -ms-transform: translateX(0.9375rem);
  transform: translateX(0.9375rem);
  -webkit-transition: 300ms;
  transition: 300ms;
}

.c8 {
  -webkit-transition: 300ms;
  transition: 300ms;
}

.c6:focus + .c0 {
  box-shadow: 0 0 0 0.2rem rgba(100,81,138,0.4);
}

<div
  className="c0 c1"
>
  <label
    className="c0 c2"
    htmlFor="thumbs-up"
  >
    üëç
  </label>
  <div
    className="c0 c3"
  >
    <div
      className="c0 c4"
    >
      <div
        className="c0 c5"
        cursor="pointer"
      >
        <input
          aria-checked={true}
          checked={true}
          className="c6 c0 c7"
          id="thumbs-up"
          name="thumbsUp"
          role="switch"
          type="checkbox"
        />
        <div
          className="c8 c0 c9"
        >
          <div
            className="c10 c0 c11"
          />
        </div>
      </div>
    </div>
  </div>
</div>
`;

exports[`A FieldToggleSwitch with label aligned left 1`] = `
.c3 {
  border: 0;
  box-sizing: border-box;
  font: inherit;
  font-size: 100%;
  margin: 0;
  padding: 0;
  vertical-align: baseline;
  display: -webkit-box;
  display: -webkit-flex;
  display: -ms-flexbox;
  display: flex;
  -webkit-flex-direction: column;
  -ms-flex-direction: column;
  flex-direction: column;
  margin-bottom: 0.5rem;
}

.c4 {
  border: 0;
  box-sizing: border-box;
  font: inherit;
  font-size: 100%;
  margin: 0;
  padding: 0;
  vertical-align: baseline;
}

.c5 {
  border: 0;
  box-sizing: border-box;
  font: inherit;
  font-size: 100%;
  margin: 0;
  padding: 0;
  vertical-align: baseline;
  cursor: pointer;
  display: inline-block;
  height: 1.25rem;
  position: relative;
  vertical-align: middle;
  width: 2.1875rem;
}

.c7 {
  border: 0;
  box-sizing: border-box;
  font: inherit;
  font-size: 100%;
  margin: 0;
  padding: 0;
  vertical-align: baseline;
  height: 100%;
  left: 0;
  opacity: 0;
  position: absolute;
  top: 0;
  width: 100%;
  z-index: 1;
}

.c9 {
  border: 0;
  box-sizing: border-box;
  font: inherit;
  font-size: 100%;
  margin: 0;
  padding: 0;
  vertical-align: baseline;
  border-radius: 1.25rem;
  bottom: 0;
  background-color: #C1C6CC;
  left: 0;
  position: absolute;
  right: 0;
  top: 0;
}

.c9:hover {
  box-shadow: 0 0 .01rem 0.01rem rgba(100,81,138,0.5);
}

.c11 {
  border: 0;
  box-sizing: border-box;
  font: inherit;
  font-size: 100%;
  margin: 0;
  padding: 0;
  vertical-align: baseline;
  border-radius: 50%;
  bottom: 0.125rem;
  background-color: #FFFFFF;
  height: 1rem;
  left: 0.125rem;
  position: absolute;
  width: 1rem;
}

.c1 {
  border: 0;
  box-sizing: border-box;
  font: inherit;
  font-size: 100%;
  margin: 0;
  padding: 0;
  vertical-align: baseline;
  -webkit-align-items: baseline;
  -webkit-box-align: baseline;
  -ms-flex-align: baseline;
  align-items: baseline;
  display: -webkit-box;
  display: -webkit-flex;
  display: -ms-flexbox;
  display: flex;
  -webkit-flex-direction: row;
  -ms-flex-direction: row;
  flex-direction: row;
  margin-bottom: 0.5rem;
}

.c2 {
  border: 0;
  box-sizing: border-box;
  font: inherit;
  font-size: 100%;
  margin: 0;
  padding: 0;
  vertical-align: baseline;
  color: #262D33;
  font-size: 0.875rem;
  font-weight: 600;
  margin-right: 0.5rem;
  text-align: right;
  width: 20%;
}

.c10 {
  -webkit-transition: 300ms;
  transition: 300ms;
}

.c8 {
  -webkit-transition: 300ms;
  transition: 300ms;
}

.c6:focus + .c0 {
  box-shadow: 0 0 0 0.2rem rgba(100,81,138,0.4);
}

<div
  className="c0 c1"
>
  <label
    className="c0 c2"
    htmlFor="thumbs-up"
  >
    üëç
  </label>
  <div
    className="c0 c3"
  >
    <div
      className="c0 c4"
    >
      <div
        className="c0 c5"
        cursor="pointer"
      >
        <input
          className="c6 c0 c7"
          id="thumbs-up"
          name="thumbsUp"
          role="switch"
          type="checkbox"
        />
        <div
          className="c8 c0 c9"
        >
          <div
            className="c10 c0 c11"
          />
        </div>
      </div>
    </div>
  </div>
</div>
`;
