// Jest Snapshot v1, https://goo.gl/fbAQLP

exports[`VisuallyHiddenText default 1`] = `
.c1 {
  border: 0;
  box-sizing: border-box;
  font: inherit;
  font-size: 100%;
  margin: 0;
  padding: 0;
  vertical-align: baseline;
}

.c0 {
  position: absolute;
  height: 1px;
  width: 1px;
  overflow: hidden;
  -webkit-clip: rect(1px,1px,1px,1px);
  clip: rect(1px,1px,1px,1px);
}

<div
  className="c0 c1"
>
  I am hidden
</div>
`;
