// Jest Snapshot v1, https://goo.gl/fbAQLP

exports[`Button ghost 1`] = `
<button
  className="button modeGhost"
>
  ðŸ¥‘
</button>
`;

exports[`Button states 1`] = `
<button
  className="button"
>
  ðŸ¥‘
</button>
`;
