// Jest Snapshot v1, https://goo.gl/fbAQLP

exports[`A FieldSelect 1`] = `
.c0 {
  border: 0;
  box-sizing: border-box;
  font: inherit;
  font-size: 100%;
  margin: 0;
  padding: 0;
  vertical-align: baseline;
  display: -webkit-box;
  display: -webkit-flex;
  display: -ms-flexbox;
  display: flex;
  -webkit-flex-direction: column;
  -ms-flex-direction: column;
  flex-direction: column;
  margin-bottom: 0.5rem;
}

.c1 {
  border: 0;
  box-sizing: border-box;
  font: inherit;
  font-size: 100%;
  margin: 0;
  padding: 0;
  vertical-align: baseline;
  color: #262D33;
  font-size: 0.875rem;
  font-weight: 600;
  margin-right: 0.5rem;
}

.c2 {
  border: 0;
  box-sizing: border-box;
  font: inherit;
  font-size: 100%;
  margin: 0;
  padding: 0;
  vertical-align: baseline;
}

.c4 {
  border: 0;
  box-sizing: border-box;
  font: inherit;
  font-size: 100%;
  margin: 0;
  padding: 0;
  vertical-align: baseline;
  border: solid 1px;
  border-radius: 0.25rem;
  border-color: #C1C6CC;
  background-color: #FFFFFF;
  font-size: 0.875rem;
  height: 28px;
  padding-left: 0.5rem;
  padding-right: 0.5rem;
  padding-top: 0rem;
  padding-bottom: 0rem;
}

.c3 {
  -webkit-appearance: none;
  -moz-appearance: none;
  appearance: none;
  background-image: url('data:image/svg+xml;base64,dGVzdC1maWxlLXN0dWI='), linear-gradient(to bottom,#FFFFFF 0%,#FFFFFF 100%);
  background-repeat: no-repeat,repeat;
  background-position: right .25rem center,0 0;
  background-size: 1rem,100%;
  padding-right: calc(2 * .25rem + 1rem);
}

.c3::-ms-expand {
  display: none;
}

<div
  className="c0"
>
  <label
    className="c1"
    htmlFor="thumbs-up"
  >
    üëç
  </label>
  <div
    className="c0"
  >
    <div
      className="c2"
    >
      <select
        className="c3 c4"
        id="thumbs-up"
        name="thumbsUp"
      >
        <option
          value=""
        />
      </select>
    </div>
  </div>
</div>
`;

exports[`A FieldSelect with an error validation aligned to the bottom 1`] = `
.c0 {
  border: 0;
  box-sizing: border-box;
  font: inherit;
  font-size: 100%;
  margin: 0;
  padding: 0;
  vertical-align: baseline;
  display: -webkit-box;
  display: -webkit-flex;
  display: -ms-flexbox;
  display: flex;
  -webkit-flex-direction: column;
  -ms-flex-direction: column;
  flex-direction: column;
  margin-bottom: 0.5rem;
}

.c1 {
  border: 0;
  box-sizing: border-box;
  font: inherit;
  font-size: 100%;
  margin: 0;
  padding: 0;
  vertical-align: baseline;
  color: #262D33;
  font-size: 0.875rem;
  font-weight: 600;
  margin-right: 0.5rem;
}

.c2 {
  border: 0;
  box-sizing: border-box;
  font: inherit;
  font-size: 100%;
  margin: 0;
  padding: 0;
  vertical-align: baseline;
}

.c4 {
  border: 0;
  box-sizing: border-box;
  font: inherit;
  font-size: 100%;
  margin: 0;
  padding: 0;
  vertical-align: baseline;
  border: solid 1px;
  border-radius: 0.25rem;
  border-color: #C1C6CC;
  background-color: #FFF2F4;
  font-size: 0.875rem;
  height: 28px;
  padding-left: 0.5rem;
  padding-right: 0.5rem;
  padding-top: 0rem;
  padding-bottom: 0rem;
}

.c5 {
  border: 0;
  box-sizing: border-box;
  font: inherit;
  font-size: 100%;
  margin: 0;
  padding: 0;
  vertical-align: baseline;
  color: #990F14;
  font-size: 0.75rem;
  margin-right: 0.5rem;
  margin-top: 0.5rem;
}

.c3 {
  -webkit-appearance: none;
  -moz-appearance: none;
  appearance: none;
  background-image: url('data:image/svg+xml;base64,dGVzdC1maWxlLXN0dWI='), linear-gradient(to bottom,#FFFFFF 0%,#FFFFFF 100%);
  background-repeat: no-repeat,repeat;
  background-position: right .25rem center,0 0;
  background-size: 1rem,100%;
  padding-right: calc(2 * .25rem + 1rem);
}

.c3::-ms-expand {
  display: none;
}

<div
  className="c0"
>
  <label
    className="c1"
    htmlFor="thumbs-up"
  >
    üëç
  </label>
  <div
    className="c0"
  >
    <div
      className="c2"
    >
      <select
        className="c3 c4"
        id="thumbs-up"
        name="thumbsUp"
      >
        <option
          value=""
        />
      </select>
    </div>
    <div
      className="c5"
    >
      This is an error
    </div>
  </div>
</div>
`;

exports[`A FieldSelect with an error validation aligned to the left 1`] = `
.c0 {
  border: 0;
  box-sizing: border-box;
  font: inherit;
  font-size: 100%;
  margin: 0;
  padding: 0;
  vertical-align: baseline;
  display: -webkit-box;
  display: -webkit-flex;
  display: -ms-flexbox;
  display: flex;
  -webkit-flex-direction: column;
  -ms-flex-direction: column;
  flex-direction: column;
  margin-bottom: 0.5rem;
}

.c1 {
  border: 0;
  box-sizing: border-box;
  font: inherit;
  font-size: 100%;
  margin: 0;
  padding: 0;
  vertical-align: baseline;
  color: #262D33;
  font-size: 0.875rem;
  font-weight: 600;
  margin-right: 0.5rem;
}

.c3 {
  border: 0;
  box-sizing: border-box;
  font: inherit;
  font-size: 100%;
  margin: 0;
  padding: 0;
  vertical-align: baseline;
}

.c5 {
  border: 0;
  box-sizing: border-box;
  font: inherit;
  font-size: 100%;
  margin: 0;
  padding: 0;
  vertical-align: baseline;
  border: solid 1px;
  border-radius: 0.25rem;
  border-color: #C1C6CC;
  background-color: #FFF2F4;
  font-size: 0.875rem;
  height: 28px;
  padding-left: 0.5rem;
  padding-right: 0.5rem;
  padding-top: 0rem;
  padding-bottom: 0rem;
}

.c6 {
  border: 0;
  box-sizing: border-box;
  font: inherit;
  font-size: 100%;
  margin: 0;
  padding: 0;
  vertical-align: baseline;
  color: #990F14;
  font-size: 0.75rem;
  margin-right: 0.5rem;
  margin-top: 0.5rem;
}

.c2 {
  border: 0;
  box-sizing: border-box;
  font: inherit;
  font-size: 100%;
  margin: 0;
  padding: 0;
  vertical-align: baseline;
  -webkit-align-items: baseline;
  -webkit-box-align: baseline;
  -ms-flex-align: baseline;
  align-items: baseline;
  display: -webkit-box;
  display: -webkit-flex;
  display: -ms-flexbox;
  display: flex;
  -webkit-flex-direction: row-reverse;
  -ms-flex-direction: row-reverse;
  flex-direction: row-reverse;
  -webkit-box-pack: end;
  -webkit-justify-content: flex-end;
  -ms-flex-pack: end;
  justify-content: flex-end;
  margin-bottom: 0.5rem;
}

.c4 {
  -webkit-appearance: none;
  -moz-appearance: none;
  appearance: none;
  background-image: url('data:image/svg+xml;base64,dGVzdC1maWxlLXN0dWI='), linear-gradient(to bottom,#FFFFFF 0%,#FFFFFF 100%);
  background-repeat: no-repeat,repeat;
  background-position: right .25rem center,0 0;
  background-size: 1rem,100%;
  padding-right: calc(2 * .25rem + 1rem);
}

.c4::-ms-expand {
  display: none;
}

<div
  className="c0"
>
  <label
    className="c1"
    htmlFor="thumbs-up"
  >
    üëç
  </label>
  <div
    className="c2"
  >
    <div
      className="c3"
    >
      <select
        className="c4 c5"
        id="thumbs-up"
        name="thumbsUp"
      >
        <option
          value=""
        />
      </select>
    </div>
    <div
      className="c6"
    >
      This is an error
    </div>
  </div>
</div>
`;

exports[`A FieldSelect with an error validation aligned to the right 1`] = `
.c0 {
  border: 0;
  box-sizing: border-box;
  font: inherit;
  font-size: 100%;
  margin: 0;
  padding: 0;
  vertical-align: baseline;
  display: -webkit-box;
  display: -webkit-flex;
  display: -ms-flexbox;
  display: flex;
  -webkit-flex-direction: column;
  -ms-flex-direction: column;
  flex-direction: column;
  margin-bottom: 0.5rem;
}

.c1 {
  border: 0;
  box-sizing: border-box;
  font: inherit;
  font-size: 100%;
  margin: 0;
  padding: 0;
  vertical-align: baseline;
  color: #262D33;
  font-size: 0.875rem;
  font-weight: 600;
  margin-right: 0.5rem;
}

.c3 {
  border: 0;
  box-sizing: border-box;
  font: inherit;
  font-size: 100%;
  margin: 0;
  padding: 0;
  vertical-align: baseline;
}

.c5 {
  border: 0;
  box-sizing: border-box;
  font: inherit;
  font-size: 100%;
  margin: 0;
  padding: 0;
  vertical-align: baseline;
  border: solid 1px;
  border-radius: 0.25rem;
  border-color: #C1C6CC;
  background-color: #FFF2F4;
  font-size: 0.875rem;
  height: 28px;
  padding-left: 0.5rem;
  padding-right: 0.5rem;
  padding-top: 0rem;
  padding-bottom: 0rem;
}

.c2 {
  border: 0;
  box-sizing: border-box;
  font: inherit;
  font-size: 100%;
  margin: 0;
  padding: 0;
  vertical-align: baseline;
  -webkit-align-items: baseline;
  -webkit-box-align: baseline;
  -ms-flex-align: baseline;
  align-items: baseline;
  display: -webkit-box;
  display: -webkit-flex;
  display: -ms-flexbox;
  display: flex;
  -webkit-flex-direction: row;
  -ms-flex-direction: row;
  flex-direction: row;
  margin-bottom: 0.5rem;
}

.c6 {
  border: 0;
  box-sizing: border-box;
  font: inherit;
  font-size: 100%;
  margin: 0;
  padding: 0;
  vertical-align: baseline;
  color: #990F14;
  font-size: 0.75rem;
  margin-left: 0.5rem;
  margin-right: 0.5rem;
  margin-top: 0.5rem;
}

.c4 {
  -webkit-appearance: none;
  -moz-appearance: none;
  appearance: none;
  background-image: url('data:image/svg+xml;base64,dGVzdC1maWxlLXN0dWI='), linear-gradient(to bottom,#FFFFFF 0%,#FFFFFF 100%);
  background-repeat: no-repeat,repeat;
  background-position: right .25rem center,0 0;
  background-size: 1rem,100%;
  padding-right: calc(2 * .25rem + 1rem);
}

.c4::-ms-expand {
  display: none;
}

<div
  className="c0"
>
  <label
    className="c1"
    htmlFor="thumbs-up"
  >
    üëç
  </label>
  <div
    className="c2"
  >
    <div
      className="c3"
    >
      <select
        className="c4 c5"
        id="thumbs-up"
        name="thumbsUp"
      >
        <option
          value=""
        />
      </select>
    </div>
    <div
      className="c6"
    >
      This is an error
    </div>
  </div>
</div>
`;

exports[`A required FieldSelect 1`] = `
.c0 {
  border: 0;
  box-sizing: border-box;
  font: inherit;
  font-size: 100%;
  margin: 0;
  padding: 0;
  vertical-align: baseline;
  display: -webkit-box;
  display: -webkit-flex;
  display: -ms-flexbox;
  display: flex;
  -webkit-flex-direction: column;
  -ms-flex-direction: column;
  flex-direction: column;
  margin-bottom: 0.5rem;
}

.c1 {
  border: 0;
  box-sizing: border-box;
  font: inherit;
  font-size: 100%;
  margin: 0;
  padding: 0;
  vertical-align: baseline;
  color: #262D33;
  font-size: 0.875rem;
  font-weight: 600;
  margin-right: 0.5rem;
}

.c3 {
  border: 0;
  box-sizing: border-box;
  font: inherit;
  font-size: 100%;
  margin: 0;
  padding: 0;
  vertical-align: baseline;
}

.c5 {
  border: 0;
  box-sizing: border-box;
  font: inherit;
  font-size: 100%;
  margin: 0;
  padding: 0;
  vertical-align: baseline;
  border: solid 1px;
  border-radius: 0.25rem;
  border-color: #C1C6CC;
  background-color: #FFFFFF;
  font-size: 0.875rem;
  height: 28px;
  padding-left: 0.5rem;
  padding-right: 0.5rem;
  padding-top: 0rem;
  padding-bottom: 0rem;
}

.c4 {
  -webkit-appearance: none;
  -moz-appearance: none;
  appearance: none;
  background-image: url('data:image/svg+xml;base64,dGVzdC1maWxlLXN0dWI='), linear-gradient(to bottom,#FFFFFF 0%,#FFFFFF 100%);
  background-repeat: no-repeat,repeat;
  background-position: right .25rem center,0 0;
  background-size: 1rem,100%;
  padding-right: calc(2 * .25rem + 1rem);
}

.c4::-ms-expand {
  display: none;
}

.c2 {
  color: #990F14;
}

<div
  className="c0"
>
  <label
    className="c1"
    htmlFor="thumbs-up"
  >
    üëç
    <span
      aria-hidden="true"
      className="c2"
    >
       
      *
    </span>
  </label>
  <div
    className="c0"
  >
    <div
      className="c3"
    >
      <select
        className="c4 c5"
        id="thumbs-up"
        name="thumbsUp"
        required={true}
      >
        <option
          value=""
        />
      </select>
    </div>
  </div>
</div>
`;

exports[`FieldSelect supports labelWeight 1`] = `
.c0 {
  border: 0;
  box-sizing: border-box;
  font: inherit;
  font-size: 100%;
  margin: 0;
  padding: 0;
  vertical-align: baseline;
  display: -webkit-box;
  display: -webkit-flex;
  display: -ms-flexbox;
  display: flex;
  -webkit-flex-direction: column;
  -ms-flex-direction: column;
  flex-direction: column;
  margin-bottom: 0.5rem;
}

.c2 {
  border: 0;
  box-sizing: border-box;
  font: inherit;
  font-size: 100%;
  margin: 0;
  padding: 0;
  vertical-align: baseline;
}

.c4 {
  border: 0;
  box-sizing: border-box;
  font: inherit;
  font-size: 100%;
  margin: 0;
  padding: 0;
  vertical-align: baseline;
  border: solid 1px;
  border-radius: 0.25rem;
  border-color: #C1C6CC;
  background-color: #FFFFFF;
  font-size: 0.875rem;
  height: 28px;
  padding-left: 0.5rem;
  padding-right: 0.5rem;
  padding-top: 0rem;
  padding-bottom: 0rem;
}

.c1 {
  border: 0;
  box-sizing: border-box;
  font: inherit;
  font-size: 100%;
  margin: 0;
  padding: 0;
  vertical-align: baseline;
  color: #262D33;
  font-size: 0.875rem;
  font-weight: 400;
  margin-right: 0.5rem;
}

.c3 {
  -webkit-appearance: none;
  -moz-appearance: none;
  appearance: none;
  background-image: url('data:image/svg+xml;base64,dGVzdC1maWxlLXN0dWI='), linear-gradient(to bottom,#FFFFFF 0%,#FFFFFF 100%);
  background-repeat: no-repeat,repeat;
  background-position: right .25rem center,0 0;
  background-size: 1rem,100%;
  padding-right: calc(2 * .25rem + 1rem);
}

.c3::-ms-expand {
  display: none;
}

<div
  className="c0"
>
  <label
    className="c1"
    htmlFor="thumbs-up"
  >
    üëç
  </label>
  <div
    className="c0"
  >
    <div
      className="c2"
    >
      <select
        className="c3 c4"
        id="thumbs-up"
        name="thumbsUp"
      >
        <option
          value=""
        />
      </select>
    </div>
  </div>
</div>
`;
