// Jest Snapshot v1, https://goo.gl/fbAQLP

exports[`A Table should render 1`] = `
.c1 {
  border: 0;
  box-sizing: border-box;
  font: inherit;
  font-size: 100%;
  margin: 0;
  padding: 0;
  vertical-align: baseline;
  -webkit-animation: none;
  animation: none;
  width: 100%;
}

.c0 {
  border-collapse: collapse;
}

<table
  className="c0 c1"
/>
`;
